Archive member included to satisfy reference by file (symbol)

c:/st/stm32cubeide_1.11.0/stm32cubeide/plugins/com.st.stm32cube.ide.mcu.externaltools.gnu-tools-for-stm32.10.3-2021.10.win32_1.0.100.202210260954/tools/bin/../lib/gcc/arm-none-eabi/10.3.1/../../../../arm-none-eabi/lib/thumb/v7-m/nofp\libc_nano.a(lib_a-errno.o)
                              ./Core/Src/syscalls.o (__errno)
c:/st/stm32cubeide_1.11.0/stm32cubeide/plugins/com.st.stm32cube.ide.mcu.externaltools.gnu-tools-for-stm32.10.3-2021.10.win32_1.0.100.202210260954/tools/bin/../lib/gcc/arm-none-eabi/10.3.1/../../../../arm-none-eabi/lib/thumb/v7-m/nofp\libc_nano.a(lib_a-exit.o)
                              c:/st/stm32cubeide_1.11.0/stm32cubeide/plugins/com.st.stm32cube.ide.mcu.externaltools.gnu-tools-for-stm32.10.3-2021.10.win32_1.0.100.202210260954/tools/bin/../lib/gcc/arm-none-eabi/10.3.1/../../../../arm-none-eabi/lib/thumb/v7-m/nofp/crt0.o (exit)
c:/st/stm32cubeide_1.11.0/stm32cubeide/plugins/com.st.stm32cube.ide.mcu.externaltools.gnu-tools-for-stm32.10.3-2021.10.win32_1.0.100.202210260954/tools/bin/../lib/gcc/arm-none-eabi/10.3.1/../../../../arm-none-eabi/lib/thumb/v7-m/nofp\libc_nano.a(lib_a-impure.o)
                              c:/st/stm32cubeide_1.11.0/stm32cubeide/plugins/com.st.stm32cube.ide.mcu.externaltools.gnu-tools-for-stm32.10.3-2021.10.win32_1.0.100.202210260954/tools/bin/../lib/gcc/arm-none-eabi/10.3.1/../../../../arm-none-eabi/lib/thumb/v7-m/nofp\libc_nano.a(lib_a-exit.o) (_global_impure_ptr)
c:/st/stm32cubeide_1.11.0/stm32cubeide/plugins/com.st.stm32cube.ide.mcu.externaltools.gnu-tools-for-stm32.10.3-2021.10.win32_1.0.100.202210260954/tools/bin/../lib/gcc/arm-none-eabi/10.3.1/../../../../arm-none-eabi/lib/thumb/v7-m/nofp\libc_nano.a(lib_a-init.o)
                              c:/st/stm32cubeide_1.11.0/stm32cubeide/plugins/com.st.stm32cube.ide.mcu.externaltools.gnu-tools-for-stm32.10.3-2021.10.win32_1.0.100.202210260954/tools/bin/../lib/gcc/arm-none-eabi/10.3.1/../../../../arm-none-eabi/lib/thumb/v7-m/nofp/crt0.o (__libc_init_array)
c:/st/stm32cubeide_1.11.0/stm32cubeide/plugins/com.st.stm32cube.ide.mcu.externaltools.gnu-tools-for-stm32.10.3-2021.10.win32_1.0.100.202210260954/tools/bin/../lib/gcc/arm-none-eabi/10.3.1/../../../../arm-none-eabi/lib/thumb/v7-m/nofp\libc_nano.a(lib_a-memset.o)
                              c:/st/stm32cubeide_1.11.0/stm32cubeide/plugins/com.st.stm32cube.ide.mcu.externaltools.gnu-tools-for-stm32.10.3-2021.10.win32_1.0.100.202210260954/tools/bin/../lib/gcc/arm-none-eabi/10.3.1/../../../../arm-none-eabi/lib/thumb/v7-m/nofp/crt0.o (memset)

Discarded input sections

 .text          0x0000000000000000        0x0 c:/st/stm32cubeide_1.11.0/stm32cubeide/plugins/com.st.stm32cube.ide.mcu.externaltools.gnu-tools-for-stm32.10.3-2021.10.win32_1.0.100.202210260954/tools/bin/../lib/gcc/arm-none-eabi/10.3.1/thumb/v7-m/nofp/crti.o
 .data          0x0000000000000000        0x0 c:/st/stm32cubeide_1.11.0/stm32cubeide/plugins/com.st.stm32cube.ide.mcu.externaltools.gnu-tools-for-stm32.10.3-2021.10.win32_1.0.100.202210260954/tools/bin/../lib/gcc/arm-none-eabi/10.3.1/thumb/v7-m/nofp/crti.o
 .bss           0x0000000000000000        0x0 c:/st/stm32cubeide_1.11.0/stm32cubeide/plugins/com.st.stm32cube.ide.mcu.externaltools.gnu-tools-for-stm32.10.3-2021.10.win32_1.0.100.202210260954/tools/bin/../lib/gcc/arm-none-eabi/10.3.1/thumb/v7-m/nofp/crti.o
 .data          0x0000000000000000        0x4 c:/st/stm32cubeide_1.11.0/stm32cubeide/plugins/com.st.stm32cube.ide.mcu.externaltools.gnu-tools-for-stm32.10.3-2021.10.win32_1.0.100.202210260954/tools/bin/../lib/gcc/arm-none-eabi/10.3.1/thumb/v7-m/nofp/crtbegin.o
 .rodata        0x0000000000000000       0x24 c:/st/stm32cubeide_1.11.0/stm32cubeide/plugins/com.st.stm32cube.ide.mcu.externaltools.gnu-tools-for-stm32.10.3-2021.10.win32_1.0.100.202210260954/tools/bin/../lib/gcc/arm-none-eabi/10.3.1/thumb/v7-m/nofp/crtbegin.o
 .text          0x0000000000000000       0x7c c:/st/stm32cubeide_1.11.0/stm32cubeide/plugins/com.st.stm32cube.ide.mcu.externaltools.gnu-tools-for-stm32.10.3-2021.10.win32_1.0.100.202210260954/tools/bin/../lib/gcc/arm-none-eabi/10.3.1/../../../../arm-none-eabi/lib/thumb/v7-m/nofp/crt0.o
 .data          0x0000000000000000        0x0 c:/st/stm32cubeide_1.11.0/stm32cubeide/plugins/com.st.stm32cube.ide.mcu.externaltools.gnu-tools-for-stm32.10.3-2021.10.win32_1.0.100.202210260954/tools/bin/../lib/gcc/arm-none-eabi/10.3.1/../../../../arm-none-eabi/lib/thumb/v7-m/nofp/crt0.o
 .bss           0x0000000000000000        0x0 c:/st/stm32cubeide_1.11.0/stm32cubeide/plugins/com.st.stm32cube.ide.mcu.externaltools.gnu-tools-for-stm32.10.3-2021.10.win32_1.0.100.202210260954/tools/bin/../lib/gcc/arm-none-eabi/10.3.1/../../../../arm-none-eabi/lib/thumb/v7-m/nofp/crt0.o
[...]
Memory Configuration

Name             Origin             Length             Attributes
RAM              0x0000000020000000 0x0000000000005000 xrw
FLASH            0x0000000008000000 0x0000000000020000 xr
*default*        0x0000000000000000 0xffffffffffffffff

Linker script and memory map

LOAD c:/st/stm32cubeide_1.11.0/stm32cubeide/plugins/com.st.stm32cube.ide.mcu.externaltools.gnu-tools-for-stm32.10.3-2021.10.win32_1.0.100.202210260954/tools/bin/../lib/gcc/arm-none-eabi/10.3.1/thumb/v7-m/nofp/crti.o
LOAD c:/st/stm32cubeide_1.11.0/stm32cubeide/plugins/com.st.stm32cube.ide.mcu.externaltools.gnu-tools-for-stm32.10.3-2021.10.win32_1.0.100.202210260954/tools/bin/../lib/gcc/arm-none-eabi/10.3.1/thumb/v7-m/nofp/crtbegin.o
LOAD c:/st/stm32cubeide_1.11.0/stm32cubeide/plugins/com.st.stm32cube.ide.mcu.externaltools.gnu-tools-for-stm32.10.3-2021.10.win32_1.0.100.202210260954/tools/bin/../lib/gcc/arm-none-eabi/10.3.1/../../../../arm-none-eabi/lib/thumb/v7-m/nofp/crt0.o
LOAD ./Core/Src/main.o
LOAD ./Core/Src/stm32f1xx_it.o
LOAD ./Core/Src/syscalls.o
LOAD ./Core/Src/sysmem.o
LOAD ./Core/Src/system_stm32f1xx.o
LOAD ./Core/Startup/startup_stm32f103rbtx.o
LOAD ./Drivers/STM32F1xx_HAL_Driver/Src/stm32f1xx_ll_adc.o
LOAD ./Drivers/STM32F1xx_HAL_Driver/Src/stm32f1xx_ll_dma.o
LOAD ./Drivers/STM32F1xx_HAL_Driver/Src/stm32f1xx_ll_exti.o
LOAD ./Drivers/STM32F1xx_HAL_Driver/Src/stm32f1xx_ll_gpio.o
LOAD ./Drivers/STM32F1xx_HAL_Driver/Src/stm32f1xx_ll_pwr.o
LOAD ./Drivers/STM32F1xx_HAL_Driver/Src/stm32f1xx_ll_rcc.o
LOAD ./Drivers/STM32F1xx_HAL_Driver/Src/stm32f1xx_ll_tim.o
LOAD ./Drivers/STM32F1xx_HAL_Driver/Src/stm32f1xx_ll_usart.o
LOAD ./Drivers/STM32F1xx_HAL_Driver/Src/stm32f1xx_ll_utils.o
START GROUP
LOAD c:/st/stm32cubeide_1.11.0/stm32cubeide/plugins/com.st.stm32cube.ide.mcu.externaltools.gnu-tools-for-stm32.10.3-2021.10.win32_1.0.100.202210260954/tools/bin/../lib/gcc/arm-none-eabi/10.3.1/../../../../arm-none-eabi/lib/thumb/v7-m/nofp\libc_nano.a
LOAD c:/st/stm32cubeide_1.11.0/stm32cubeide/plugins/com.st.stm32cube.ide.mcu.externaltools.gnu-tools-for-stm32.10.3-2021.10.win32_1.0.100.202210260954/tools/bin/../lib/gcc/arm-none-eabi/10.3.1/../../../../arm-none-eabi/lib/thumb/v7-m/nofp\libm.a
END GROUP
START GROUP
LOAD c:/st/stm32cubeide_1.11.0/stm32cubeide/plugins/com.st.stm32cube.ide.mcu.externaltools.gnu-tools-for-stm32.10.3-2021.10.win32_1.0.100.202210260954/tools/bin/../lib/gcc/arm-none-eabi/10.3.1/thumb/v7-m/nofp\libgcc.a
LOAD c:/st/stm32cubeide_1.11.0/stm32cubeide/plugins/com.st.stm32cube.ide.mcu.externaltools.gnu-tools-for-stm32.10.3-2021.10.win32_1.0.100.202210260954/tools/bin/../lib/gcc/arm-none-eabi/10.3.1/../../../../arm-none-eabi/lib/thumb/v7-m/nofp\libc_nano.a
END GROUP
START GROUP
LOAD c:/st/stm32cubeide_1.11.0/stm32cubeide/plugins/com.st.stm32cube.ide.mcu.externaltools.gnu-tools-for-stm32.10.3-2021.10.win32_1.0.100.202210260954/tools/bin/../lib/gcc/arm-none-eabi/10.3.1/thumb/v7-m/nofp\libgcc.a
LOAD c:/st/stm32cubeide_1.11.0/stm32cubeide/plugins/com.st.stm32cube.ide.mcu.externaltools.gnu-tools-for-stm32.10.3-2021.10.win32_1.0.100.202210260954/tools/bin/../lib/gcc/arm-none-eabi/10.3.1/../../../../arm-none-eabi/lib/thumb/v7-m/nofp\libc_nano.a
LOAD c:/st/stm32cubeide_1.11.0/stm32cubeide/plugins/com.st.stm32cube.ide.mcu.externaltools.gnu-tools-for-stm32.10.3-2021.10.win32_1.0.100.202210260954/tools/bin/../lib/gcc/arm-none-eabi/10.3.1/../../../../arm-none-eabi/lib/thumb/v7-m/nofp\libnosys.a
END GROUP
START GROUP
LOAD c:/st/stm32cubeide_1.11.0/stm32cubeide/plugins/com.st.stm32cube.ide.mcu.externaltools.gnu-tools-for-stm32.10.3-2021.10.win32_1.0.100.202210260954/tools/bin/../lib/gcc/arm-none-eabi/10.3.1/thumb/v7-m/nofp\libgcc.a
LOAD c:/st/stm32cubeide_1.11.0/stm32cubeide/plugins/com.st.stm32cube.ide.mcu.externaltools.gnu-tools-for-stm32.10.3-2021.10.win32_1.0.100.202210260954/tools/bin/../lib/gcc/arm-none-eabi/10.3.1/../../../../arm-none-eabi/lib/thumb/v7-m/nofp\libc_nano.a
LOAD c:/st/stm32cubeide_1.11.0/stm32cubeide/plugins/com.st.stm32cube.ide.mcu.externaltools.gnu-tools-for-stm32.10.3-2021.10.win32_1.0.100.202210260954/tools/bin/../lib/gcc/arm-none-eabi/10.3.1/../../../../arm-none-eabi/lib/thumb/v7-m/nofp\libnosys.a
END GROUP
LOAD c:/st/stm32cubeide_1.11.0/stm32cubeide/plugins/com.st.stm32cube.ide.mcu.externaltools.gnu-tools-for-stm32.10.3-2021.10.win32_1.0.100.202210260954/tools/bin/../lib/gcc/arm-none-eabi/10.3.1/thumb/v7-m/nofp/crtend.o
LOAD c:/st/stm32cubeide_1.11.0/stm32cubeide/plugins/com.st.stm32cube.ide.mcu.externaltools.gnu-tools-for-stm32.10.3-2021.10.win32_1.0.100.202210260954/tools/bin/../lib/gcc/arm-none-eabi/10.3.1/thumb/v7-m/nofp/crtn.o
                0x0000000020005000                _estack = (ORIGIN (RAM) + LENGTH (RAM))
                0x0000000000000200                _Min_Heap_Size = 0x200
                0x0000000000000400                _Min_Stack_Size = 0x400

.isr_vector     0x0000000008000000      0x10c
                0x0000000008000000                . = ALIGN (0x4)
 *(.isr_vector)
 .isr_vector    0x0000000008000000      0x10c ./Core/Startup/startup_stm32f103rbtx.o
                0x0000000008000000                g_pfnVectors
                0x000000000800010c                . = ALIGN (0x4)

.text           0x000000000800010c     0x2218
                0x000000000800010c                . = ALIGN (0x4)
 *(.text)
 .text          0x000000000800010c       0x40 c:/st/stm32cubeide_1.11.0/stm32cubeide/plugins/com.st.stm32cube.ide.mcu.externaltools.gnu-tools-for-stm32.10.3-2021.10.win32_1.0.100.202210260954/tools/bin/../lib/gcc/arm-none-eabi/10.3.1/thumb/v7-m/nofp/crtbegin.o
 *(.text*)
 .text.__NVIC_SetPriorityGrouping
                0x000000000800014c       0x48 ./Core/Src/main.o
 .text.__NVIC_GetPriorityGrouping
                0x0000000008000194       0x1c ./Core/Src/main.o
 .text.__NVIC_EnableIRQ
                0x00000000080001b0       0x38 ./Core/Src/main.o
 .text.__NVIC_SetPriority
                0x00000000080001e8       0x54 ./Core/Src/main.o
 .text.NVIC_EncodePriority
                0x000000000800023c       0x64 ./Core/Src/main.o
 .text.LL_ADC_DMA_GetRegAddr
                0x00000000080002a0       0x30 ./Core/Src/main.o
 .text.LL_ADC_REG_SetSequencerRanks
                0x00000000080002d0       0x6a ./Core/Src/main.o
 .text.LL_ADC_SetChannelSamplingTime
                0x000000000800033a       0x96 ./Core/Src/main.o
 .text.LL_ADC_Enable
                0x00000000080003d0       0x1e ./Core/Src/main.o
 .text.LL_ADC_IsEnabled
                0x00000000080003ee       0x24 ./Core/Src/main.o
 .text.LL_ADC_REG_StartConversionSWStart
                0x0000000008000412       0x1e ./Core/Src/main.o
 .text.LL_DMA_EnableChannel
                0x0000000008000430       0x3c ./Core/Src/main.o
 .text.LL_DMA_DisableChannel
                0x000000000800046c       0x3c ./Core/Src/main.o
 .text.LL_DMA_SetDataTransferDirection
                0x00000000080004a8       0x48 ./Core/Src/main.o
 .text.LL_DMA_SetMode
                0x00000000080004f0       0x44 ./Core/Src/main.o
 .text.LL_DMA_SetPeriphIncMode
                0x0000000008000534       0x44 ./Core/Src/main.o
 .text.LL_DMA_SetMemoryIncMode
                0x0000000008000578       0x44 ./Core/Src/main.o
 .text.LL_DMA_SetPeriphSize
                0x00000000080005bc       0x44 ./Core/Src/main.o
 .text.LL_DMA_SetMemorySize
                0x0000000008000600       0x44 ./Core/Src/main.o
 .text.LL_DMA_SetChannelPriorityLevel
                0x0000000008000644       0x44 ./Core/Src/main.o
 .text.LL_DMA_SetDataLength
                0x0000000008000688       0x44 ./Core/Src/main.o
 .text.LL_DMA_ConfigAddresses
                0x00000000080006cc       0x74 ./Core/Src/main.o
 .text.LL_RCC_HSE_EnableBypass
                0x0000000008000740       0x1c ./Core/Src/main.o
 .text.LL_RCC_HSE_Enable
                0x000000000800075c       0x1c ./Core/Src/main.o
 .text.LL_RCC_HSE_IsReady
                0x0000000008000778       0x24 ./Core/Src/main.o
 .text.LL_RCC_SetSysClkSource
                0x000000000800079c       0x28 ./Core/Src/main.o
 .text.LL_RCC_GetSysClkSource
                0x00000000080007c4       0x18 ./Core/Src/main.o
 .text.LL_RCC_SetAHBPrescaler
                0x00000000080007dc       0x28 ./Core/Src/main.o
 .text.LL_RCC_SetAPB1Prescaler
                0x0000000008000804       0x28 ./Core/Src/main.o
 .text.LL_RCC_SetAPB2Prescaler
                0x000000000800082c       0x28 ./Core/Src/main.o
 .text.LL_RCC_SetADCClockSource
                0x0000000008000854       0x28 ./Core/Src/main.o
 .text.LL_RCC_PLL_Enable
                0x000000000800087c       0x1c ./Core/Src/main.o
 .text.LL_RCC_PLL_IsReady
                0x0000000008000898       0x24 ./Core/Src/main.o
 .text.LL_RCC_PLL_ConfigDomain_SYS
                0x00000000080008bc       0x30 ./Core/Src/main.o
 .text.LL_AHB1_GRP1_EnableClock
                0x00000000080008ec       0x30 ./Core/Src/main.o
 .text.LL_APB1_GRP1_EnableClock
                0x000000000800091c       0x30 ./Core/Src/main.o
 .text.LL_APB2_GRP1_EnableClock
                0x000000000800094c       0x30 ./Core/Src/main.o
 .text.LL_FLASH_SetLatency
                0x000000000800097c       0x28 ./Core/Src/main.o
 .text.LL_FLASH_GetLatency
                0x00000000080009a4       0x18 ./Core/Src/main.o
 .text.LL_TIM_EnableCounter
                0x00000000080009bc       0x1e ./Core/Src/main.o
 .text.LL_TIM_DisableARRPreload
                0x00000000080009da       0x1e ./Core/Src/main.o
 .text.LL_TIM_CC_EnableChannel
                0x00000000080009f8       0x20 ./Core/Src/main.o
 .text.LL_TIM_OC_DisableFast
                0x0000000008000a18       0x88 ./Core/Src/main.o
 .text.LL_TIM_OC_EnablePreload
                0x0000000008000aa0       0x88 ./Core/Src/main.o
 .text.LL_TIM_OC_SetCompareCH1
                0x0000000008000b28       0x1a ./Core/Src/main.o
 .text.LL_TIM_SetClockSource
                0x0000000008000b42       0x28 ./Core/Src/main.o
 .text.LL_TIM_SetTriggerOutput
                0x0000000008000b6a       0x24 ./Core/Src/main.o
 .text.LL_TIM_DisableMasterSlaveMode
                0x0000000008000b8e       0x1e ./Core/Src/main.o
 .text.LL_USART_Enable
                0x0000000008000bac       0x1e ./Core/Src/main.o
 .text.LL_USART_ConfigAsyncMode
                0x0000000008000bca       0x2a ./Core/Src/main.o
 .text.LL_GPIO_SetPinMode
                0x0000000008000bf4       0x64 ./Core/Src/main.o
 .text.LL_GPIO_ResetOutputPin
                0x0000000008000c58       0x1e ./Core/Src/main.o
 *fill*         0x0000000008000c76        0x2 
 .text.LL_GPIO_AF_Remap_SWJ_NOJTAG
                0x0000000008000c78       0x28 ./Core/Src/main.o
 .text.LL_GPIO_AF_SetEXTISource
                0x0000000008000ca0       0x5c ./Core/Src/main.o
 .text.main     0x0000000008000cfc       0x68 ./Core/Src/main.o
                0x0000000008000cfc                main
 .text.SystemClock_Config
                0x0000000008000d64       0x88 ./Core/Src/main.o
                0x0000000008000d64                SystemClock_Config
 .text.MX_ADC1_Init
                0x0000000008000dec      0x114 ./Core/Src/main.o
 .text.MX_TIM3_Init
                0x0000000008000f00       0xd8 ./Core/Src/main.o
 .text.MX_USART2_UART_Init
                0x0000000008000fd8       0xac ./Core/Src/main.o
 .text.MX_DMA_Init
                0x0000000008001084       0x2e ./Core/Src/main.o
 *fill*         0x00000000080010b2        0x2 
 .text.MX_GPIO_Init
                0x00000000080010b4       0xc4 ./Core/Src/main.o
 .text.Start_ADC_DMA
                0x0000000008001178       0x50 ./Core/Src/main.o
                0x0000000008001178                Start_ADC_DMA
 .text.Start_ADC
                0x00000000080011c8       0x28 ./Core/Src/main.o
                0x00000000080011c8                Start_ADC
 .text.Start_PWM
                0x00000000080011f0       0x1c ./Core/Src/main.o
                0x00000000080011f0                Start_PWM
 .text.LL_EXTI_IsActiveFlag_0_31
                0x000000000800120c       0x2c ./Core/Src/stm32f1xx_it.o
 .text.LL_EXTI_ClearFlag_0_31
                0x0000000008001238       0x1c ./Core/Src/stm32f1xx_it.o
 .text.NMI_Handler
                0x0000000008001254        0x6 ./Core/Src/stm32f1xx_it.o
                0x0000000008001254                NMI_Handler
 .text.HardFault_Handler
                0x000000000800125a        0x6 ./Core/Src/stm32f1xx_it.o
                0x000000000800125a                HardFault_Handler
 .text.MemManage_Handler
                0x0000000008001260        0x6 ./Core/Src/stm32f1xx_it.o
                0x0000000008001260                MemManage_Handler
 .text.BusFault_Handler
                0x0000000008001266        0x6 ./Core/Src/stm32f1xx_it.o
                0x0000000008001266                BusFault_Handler
 .text.UsageFault_Handler
                0x000000000800126c        0x6 ./Core/Src/stm32f1xx_it.o
                0x000000000800126c                UsageFault_Handler
 .text.SVC_Handler
                0x0000000008001272        0xc ./Core/Src/stm32f1xx_it.o
                0x0000000008001272                SVC_Handler
 .text.DebugMon_Handler
                0x000000000800127e        0xc ./Core/Src/stm32f1xx_it.o
                0x000000000800127e                DebugMon_Handler
 .text.PendSV_Handler
                0x000000000800128a        0xc ./Core/Src/stm32f1xx_it.o
                0x000000000800128a                PendSV_Handler
 .text.SysTick_Handler
                0x0000000008001296        0xc ./Core/Src/stm32f1xx_it.o
                0x0000000008001296                SysTick_Handler
 .text.DMA1_Channel1_IRQHandler
                0x00000000080012a2        0xc ./Core/Src/stm32f1xx_it.o
                0x00000000080012a2                DMA1_Channel1_IRQHandler
 .text.EXTI15_10_IRQHandler
                0x00000000080012ae       0x1e ./Core/Src/stm32f1xx_it.o
                0x00000000080012ae                EXTI15_10_IRQHandler
 .text.SystemInit
                0x00000000080012cc        0xc ./Core/Src/system_stm32f1xx.o
                0x00000000080012cc                SystemInit
 .text.Reset_Handler
                0x00000000080012d8       0x48 ./Core/Startup/startup_stm32f103rbtx.o
                0x00000000080012d8                Reset_Handler
 .text.Default_Handler
                0x0000000008001320        0x2 ./Core/Startup/startup_stm32f103rbtx.o
                0x0000000008001320                RTC_Alarm_IRQHandler
                0x0000000008001320                EXTI2_IRQHandler
                0x0000000008001320                TIM1_CC_IRQHandler
                0x0000000008001320                PVD_IRQHandler
                0x0000000008001320                EXTI3_IRQHandler
                0x0000000008001320                EXTI0_IRQHandler
                0x0000000008001320                I2C2_EV_IRQHandler
                0x0000000008001320                ADC1_2_IRQHandler
                0x0000000008001320                SPI1_IRQHandler
                0x0000000008001320                TAMPER_IRQHandler
                0x0000000008001320                DMA1_Channel4_IRQHandler
                0x0000000008001320                USART3_IRQHandler
                0x0000000008001320                RTC_IRQHandler
                0x0000000008001320                DMA1_Channel7_IRQHandler
                0x0000000008001320                CAN1_RX1_IRQHandler
                0x0000000008001320                TIM4_IRQHandler
                0x0000000008001320                I2C1_EV_IRQHandler
                0x0000000008001320                DMA1_Channel6_IRQHandler
                0x0000000008001320                TIM3_IRQHandler
                0x0000000008001320                RCC_IRQHandler
                0x0000000008001320                TIM1_TRG_COM_IRQHandler
                0x0000000008001320                Default_Handler
                0x0000000008001320                EXTI9_5_IRQHandler
                0x0000000008001320                SPI2_IRQHandler
                0x0000000008001320                DMA1_Channel5_IRQHandler
                0x0000000008001320                EXTI4_IRQHandler
                0x0000000008001320                USB_LP_CAN1_RX0_IRQHandler
                0x0000000008001320                USB_HP_CAN1_TX_IRQHandler
                0x0000000008001320                DMA1_Channel3_IRQHandler
                0x0000000008001320                TIM1_UP_IRQHandler
                0x0000000008001320                WWDG_IRQHandler
                0x0000000008001320                TIM2_IRQHandler
                0x0000000008001320                TIM1_BRK_IRQHandler
                0x0000000008001320                EXTI1_IRQHandler
                0x0000000008001320                USART2_IRQHandler
                0x0000000008001320                I2C2_ER_IRQHandler
                0x0000000008001320                DMA1_Channel2_IRQHandler
                0x0000000008001320                CAN1_SCE_IRQHandler
                0x0000000008001320                FLASH_IRQHandler
                0x0000000008001320                USART1_IRQHandler
                0x0000000008001320                I2C1_ER_IRQHandler
                0x0000000008001320                USBWakeUp_IRQHandler
 .text.LL_ADC_REG_SetSequencerLength
                0x0000000008001322       0x24 ./Drivers/STM32F1xx_HAL_Driver/Src/stm32f1xx_ll_adc.o
 .text.LL_ADC_IsEnabled
                0x0000000008001346       0x24 ./Drivers/STM32F1xx_HAL_Driver/Src/stm32f1xx_ll_adc.o
 *fill*         0x000000000800136a        0x2 
 .text.LL_ADC_CommonInit
                0x000000000800136c       0x64 ./Drivers/STM32F1xx_HAL_Driver/Src/stm32f1xx_ll_adc.o
                0x000000000800136c                LL_ADC_CommonInit
 .text.LL_ADC_Init
                0x00000000080013d0       0x4e ./Drivers/STM32F1xx_HAL_Driver/Src/stm32f1xx_ll_adc.o
                0x00000000080013d0                LL_ADC_Init
 .text.LL_ADC_REG_Init
                0x000000000800141e       0x8c ./Drivers/STM32F1xx_HAL_Driver/Src/stm32f1xx_ll_adc.o
                0x000000000800141e                LL_ADC_REG_Init
 *fill*         0x00000000080014aa        0x2 
 .text.LL_EXTI_EnableIT_0_31
                0x00000000080014ac       0x24 ./Drivers/STM32F1xx_HAL_Driver/Src/stm32f1xx_ll_exti.o
 .text.LL_EXTI_DisableIT_0_31
                0x00000000080014d0       0x24 ./Drivers/STM32F1xx_HAL_Driver/Src/stm32f1xx_ll_exti.o
 .text.LL_EXTI_EnableEvent_0_31
                0x00000000080014f4       0x24 ./Drivers/STM32F1xx_HAL_Driver/Src/stm32f1xx_ll_exti.o
 .text.LL_EXTI_DisableEvent_0_31
                0x0000000008001518       0x24 ./Drivers/STM32F1xx_HAL_Driver/Src/stm32f1xx_ll_exti.o
 .text.LL_EXTI_EnableRisingTrig_0_31
                0x000000000800153c       0x24 ./Drivers/STM32F1xx_HAL_Driver/Src/stm32f1xx_ll_exti.o
 .text.LL_EXTI_DisableRisingTrig_0_31
                0x0000000008001560       0x24 ./Drivers/STM32F1xx_HAL_Driver/Src/stm32f1xx_ll_exti.o
 .text.LL_EXTI_EnableFallingTrig_0_31
                0x0000000008001584       0x24 ./Drivers/STM32F1xx_HAL_Driver/Src/stm32f1xx_ll_exti.o
 .text.LL_EXTI_DisableFallingTrig_0_31
                0x00000000080015a8       0x24 ./Drivers/STM32F1xx_HAL_Driver/Src/stm32f1xx_ll_exti.o
 .text.LL_EXTI_Init
                0x00000000080015cc      0x102 ./Drivers/STM32F1xx_HAL_Driver/Src/stm32f1xx_ll_exti.o
                0x00000000080015cc                LL_EXTI_Init
 .text.LL_GPIO_SetPinMode
                0x00000000080016ce       0x64 ./Drivers/STM32F1xx_HAL_Driver/Src/stm32f1xx_ll_gpio.o
 .text.LL_GPIO_SetPinSpeed
                0x0000000008001732       0x64 ./Drivers/STM32F1xx_HAL_Driver/Src/stm32f1xx_ll_gpio.o
 .text.LL_GPIO_SetPinOutputType
                0x0000000008001796       0x64 ./Drivers/STM32F1xx_HAL_Driver/Src/stm32f1xx_ll_gpio.o
 .text.LL_GPIO_SetPinPull
                0x00000000080017fa       0x44 ./Drivers/STM32F1xx_HAL_Driver/Src/stm32f1xx_ll_gpio.o
 .text.LL_GPIO_Init
                0x000000000800183e       0xcc ./Drivers/STM32F1xx_HAL_Driver/Src/stm32f1xx_ll_gpio.o
                0x000000000800183e                LL_GPIO_Init
 *fill*         0x000000000800190a        0x2 
 .text.LL_RCC_GetSysClkSource
                0x000000000800190c       0x18 ./Drivers/STM32F1xx_HAL_Driver/Src/stm32f1xx_ll_rcc.o
 .text.LL_RCC_GetAHBPrescaler
                0x0000000008001924       0x18 ./Drivers/STM32F1xx_HAL_Driver/Src/stm32f1xx_ll_rcc.o
 .text.LL_RCC_GetAPB1Prescaler
                0x000000000800193c       0x18 ./Drivers/STM32F1xx_HAL_Driver/Src/stm32f1xx_ll_rcc.o
 .text.LL_RCC_GetAPB2Prescaler
                0x0000000008001954       0x18 ./Drivers/STM32F1xx_HAL_Driver/Src/stm32f1xx_ll_rcc.o
 .text.LL_RCC_PLL_GetMainSource
                0x000000000800196c       0x18 ./Drivers/STM32F1xx_HAL_Driver/Src/stm32f1xx_ll_rcc.o
 .text.LL_RCC_PLL_GetMultiplicator
                0x0000000008001984       0x18 ./Drivers/STM32F1xx_HAL_Driver/Src/stm32f1xx_ll_rcc.o
 .text.LL_RCC_PLL_GetPrediv
                0x000000000800199c       0x1c ./Drivers/STM32F1xx_HAL_Driver/Src/stm32f1xx_ll_rcc.o
 .text.LL_RCC_GetSystemClocksFreq
                0x00000000080019b8       0x4a ./Drivers/STM32F1xx_HAL_Driver/Src/stm32f1xx_ll_rcc.o
                0x00000000080019b8                LL_RCC_GetSystemClocksFreq
 *fill*         0x0000000008001a02        0x2 
 .text.RCC_GetSystemClockFreq
                0x0000000008001a04       0x4c ./Drivers/STM32F1xx_HAL_Driver/Src/stm32f1xx_ll_rcc.o
                0x0000000008001a04                RCC_GetSystemClockFreq
 .text.RCC_GetHCLKClockFreq
                0x0000000008001a50       0x2c ./Drivers/STM32F1xx_HAL_Driver/Src/stm32f1xx_ll_rcc.o
                0x0000000008001a50                RCC_GetHCLKClockFreq
 .text.RCC_GetPCLK1ClockFreq
                0x0000000008001a7c       0x28 ./Drivers/STM32F1xx_HAL_Driver/Src/stm32f1xx_ll_rcc.o
                0x0000000008001a7c                RCC_GetPCLK1ClockFreq
 .text.RCC_GetPCLK2ClockFreq
                0x0000000008001aa4       0x28 ./Drivers/STM32F1xx_HAL_Driver/Src/stm32f1xx_ll_rcc.o
                0x0000000008001aa4                RCC_GetPCLK2ClockFreq
 .text.RCC_PLL_GetFreqDomain_SYS
                0x0000000008001acc       0x64 ./Drivers/STM32F1xx_HAL_Driver/Src/stm32f1xx_ll_rcc.o
                0x0000000008001acc                RCC_PLL_GetFreqDomain_SYS
 .text.LL_TIM_SetPrescaler
                0x0000000008001b30       0x1a ./Drivers/STM32F1xx_HAL_Driver/Src/stm32f1xx_ll_tim.o
 .text.LL_TIM_SetAutoReload
                0x0000000008001b4a       0x1a ./Drivers/STM32F1xx_HAL_Driver/Src/stm32f1xx_ll_tim.o
 .text.LL_TIM_SetRepetitionCounter
                0x0000000008001b64       0x1a ./Drivers/STM32F1xx_HAL_Driver/Src/stm32f1xx_ll_tim.o
 .text.LL_TIM_OC_SetCompareCH1
                0x0000000008001b7e       0x1a ./Drivers/STM32F1xx_HAL_Driver/Src/stm32f1xx_ll_tim.o
 .text.LL_TIM_OC_SetCompareCH2
                0x0000000008001b98       0x1a ./Drivers/STM32F1xx_HAL_Driver/Src/stm32f1xx_ll_tim.o
 .text.LL_TIM_OC_SetCompareCH3
                0x0000000008001bb2       0x1a ./Drivers/STM32F1xx_HAL_Driver/Src/stm32f1xx_ll_tim.o
 .text.LL_TIM_OC_SetCompareCH4
                0x0000000008001bcc       0x1a ./Drivers/STM32F1xx_HAL_Driver/Src/stm32f1xx_ll_tim.o
 .text.LL_TIM_GenerateEvent_UPDATE
                0x0000000008001be6       0x1e ./Drivers/STM32F1xx_HAL_Driver/Src/stm32f1xx_ll_tim.o
 .text.LL_TIM_Init
                0x0000000008001c04       0xbc ./Drivers/STM32F1xx_HAL_Driver/Src/stm32f1xx_ll_tim.o
                0x0000000008001c04                LL_TIM_Init
 .text.LL_TIM_OC_Init
                0x0000000008001cc0       0x82 ./Drivers/STM32F1xx_HAL_Driver/Src/stm32f1xx_ll_tim.o
                0x0000000008001cc0                LL_TIM_OC_Init
 *fill*         0x0000000008001d42        0x2 
 .text.OC1Config
                0x0000000008001d44       0xcc ./Drivers/STM32F1xx_HAL_Driver/Src/stm32f1xx_ll_tim.o
 .text.OC2Config
                0x0000000008001e10       0xd4 ./Drivers/STM32F1xx_HAL_Driver/Src/stm32f1xx_ll_tim.o
 .text.OC3Config
                0x0000000008001ee4       0xd4 ./Drivers/STM32F1xx_HAL_Driver/Src/stm32f1xx_ll_tim.o
 .text.OC4Config
                0x0000000008001fb8       0xa4 ./Drivers/STM32F1xx_HAL_Driver/Src/stm32f1xx_ll_tim.o
 .text.LL_USART_IsEnabled
                0x000000000800205c       0x26 ./Drivers/STM32F1xx_HAL_Driver/Src/stm32f1xx_ll_usart.o
 .text.LL_USART_SetStopBitsLength
                0x0000000008002082       0x24 ./Drivers/STM32F1xx_HAL_Driver/Src/stm32f1xx_ll_usart.o
 .text.LL_USART_SetHWFlowCtrl
                0x00000000080020a6       0x24 ./Drivers/STM32F1xx_HAL_Driver/Src/stm32f1xx_ll_usart.o
 *fill*         0x00000000080020ca        0x2 
 .text.LL_USART_SetBaudRate
                0x00000000080020cc       0xbc ./Drivers/STM32F1xx_HAL_Driver/Src/stm32f1xx_ll_usart.o
 .text.LL_USART_Init
                0x0000000008002188       0xc0 ./Drivers/STM32F1xx_HAL_Driver/Src/stm32f1xx_ll_usart.o
                0x0000000008002188                LL_USART_Init
 .text.LL_InitTick
                0x0000000008002248       0x34 ./Drivers/STM32F1xx_HAL_Driver/Src/stm32f1xx_ll_utils.o
 .text.LL_Init1msTick
                0x000000000800227c       0x1a ./Drivers/STM32F1xx_HAL_Driver/Src/stm32f1xx_ll_utils.o
                0x000000000800227c                LL_Init1msTick
 *fill*         0x0000000008002296        0x2 
 .text.LL_SetSystemCoreClock
                0x0000000008002298       0x1c ./Drivers/STM32F1xx_HAL_Driver/Src/stm32f1xx_ll_utils.o
                0x0000000008002298                LL_SetSystemCoreClock
 .text.__libc_init_array
                0x00000000080022b4       0x48 c:/st/stm32cubeide_1.11.0/stm32cubeide/plugins/com.st.stm32cube.ide.mcu.externaltools.gnu-tools-for-stm32.10.3-2021.10.win32_1.0.100.202210260954/tools/bin/../lib/gcc/arm-none-eabi/10.3.1/../../../../arm-none-eabi/lib/thumb/v7-m/nofp\libc_nano.a(lib_a-init.o)
                0x00000000080022b4                __libc_init_array
 .text.memset   0x00000000080022fc       0x10 c:/st/stm32cubeide_1.11.0/stm32cubeide/plugins/com.st.stm32cube.ide.mcu.externaltools.gnu-tools-for-stm32.10.3-2021.10.win32_1.0.100.202210260954/tools/bin/../lib/gcc/arm-none-eabi/10.3.1/../../../../arm-none-eabi/lib/thumb/v7-m/nofp\libc_nano.a(lib_a-memset.o)
                0x00000000080022fc                memset
 *(.glue_7)
 .glue_7        0x000000000800230c        0x0 linker stubs
 *(.glue_7t)
 .glue_7t       0x000000000800230c        0x0 linker stubs
 *(.eh_frame)
 .eh_frame      0x000000000800230c        0x0 c:/st/stm32cubeide_1.11.0/stm32cubeide/plugins/com.st.stm32cube.ide.mcu.externaltools.gnu-tools-for-stm32.10.3-2021.10.win32_1.0.100.202210260954/tools/bin/../lib/gcc/arm-none-eabi/10.3.1/thumb/v7-m/nofp/crtbegin.o
 *(.init)
 .init          0x000000000800230c        0x4 c:/st/stm32cubeide_1.11.0/stm32cubeide/plugins/com.st.stm32cube.ide.mcu.externaltools.gnu-tools-for-stm32.10.3-2021.10.win32_1.0.100.202210260954/tools/bin/../lib/gcc/arm-none-eabi/10.3.1/thumb/v7-m/nofp/crti.o
                0x000000000800230c                _init
 .init          0x0000000008002310        0x8 c:/st/stm32cubeide_1.11.0/stm32cubeide/plugins/com.st.stm32cube.ide.mcu.externaltools.gnu-tools-for-stm32.10.3-2021.10.win32_1.0.100.202210260954/tools/bin/../lib/gcc/arm-none-eabi/10.3.1/thumb/v7-m/nofp/crtn.o
 *(.fini)
 .fini          0x0000000008002318        0x4 c:/st/stm32cubeide_1.11.0/stm32cubeide/plugins/com.st.stm32cube.ide.mcu.externaltools.gnu-tools-for-stm32.10.3-2021.10.win32_1.0.100.202210260954/tools/bin/../lib/gcc/arm-none-eabi/10.3.1/thumb/v7-m/nofp/crti.o
                0x0000000008002318                _fini
 .fini          0x000000000800231c        0x8 c:/st/stm32cubeide_1.11.0/stm32cubeide/plugins/com.st.stm32cube.ide.mcu.externaltools.gnu-tools-for-stm32.10.3-2021.10.win32_1.0.100.202210260954/tools/bin/../lib/gcc/arm-none-eabi/10.3.1/thumb/v7-m/nofp/crtn.o
                0x0000000008002324                . = ALIGN (0x4)
                0x0000000008002324                _etext = .

.vfp11_veneer   0x0000000008002324        0x0
 .vfp11_veneer  0x0000000008002324        0x0 linker stubs

.v4_bx          0x0000000008002324        0x0
 .v4_bx         0x0000000008002324        0x0 linker stubs

.iplt           0x0000000008002324        0x0
 .iplt          0x0000000008002324        0x0 c:/st/stm32cubeide_1.11.0/stm32cubeide/plugins/com.st.stm32cube.ide.mcu.externaltools.gnu-tools-for-stm32.10.3-2021.10.win32_1.0.100.202210260954/tools/bin/../lib/gcc/arm-none-eabi/10.3.1/thumb/v7-m/nofp/crtbegin.o

.rodata         0x0000000008002324       0x30
                0x0000000008002324                . = ALIGN (0x4)
 *(.rodata)
 *(.rodata*)
 .rodata.CHANNEL_OFFSET_TAB
                0x0000000008002324        0x7 ./Core/Src/main.o
 *fill*         0x000000000800232b        0x1 
 .rodata.OFFSET_TAB_CCMRx
                0x000000000800232c        0x7 ./Core/Src/main.o
 *fill*         0x0000000008002333        0x1 
 .rodata.SHIFT_TAB_OCxx
                0x0000000008002334        0x7 ./Core/Src/main.o
 *fill*         0x000000000800233b        0x1 
 .rodata.AHBPrescTable
                0x000000000800233c       0x10 ./Core/Src/system_stm32f1xx.o
                0x000000000800233c                AHBPrescTable
 .rodata.APBPrescTable
                0x000000000800234c        0x8 ./Core/Src/system_stm32f1xx.o
                0x000000000800234c                APBPrescTable
                0x0000000008002354                . = ALIGN (0x4)

.rel.dyn        0x0000000008002354        0x0
 .rel.iplt      0x0000000008002354        0x0 c:/st/stm32cubeide_1.11.0/stm32cubeide/plugins/com.st.stm32cube.ide.mcu.externaltools.gnu-tools-for-stm32.10.3-2021.10.win32_1.0.100.202210260954/tools/bin/../lib/gcc/arm-none-eabi/10.3.1/thumb/v7-m/nofp/crtbegin.o

.ARM.extab      0x0000000008002354        0x0
                0x0000000008002354                . = ALIGN (0x4)
 *(.ARM.extab* .gnu.linkonce.armextab.*)
                0x0000000008002354                . = ALIGN (0x4)

.ARM            0x0000000008002354        0x0
                0x0000000008002354                . = ALIGN (0x4)
                0x0000000008002354                __exidx_start = .
 *(.ARM.exidx*)
                0x0000000008002354                __exidx_end = .
                0x0000000008002354                . = ALIGN (0x4)

.preinit_array  0x0000000008002354        0x0
                0x0000000008002354                . = ALIGN (0x4)
                0x0000000008002354                PROVIDE (__preinit_array_start = .)
 *(.preinit_array*)
                0x0000000008002354                PROVIDE (__preinit_array_end = .)
                0x0000000008002354                . = ALIGN (0x4)

.init_array     0x0000000008002354        0x4
                0x0000000008002354                . = ALIGN (0x4)
                0x0000000008002354                PROVIDE (__init_array_start = .)
 *(SORT_BY_NAME(.init_array.*))
 *(.init_array*)
 .init_array    0x0000000008002354        0x4 c:/st/stm32cubeide_1.11.0/stm32cubeide/plugins/com.st.stm32cube.ide.mcu.externaltools.gnu-tools-for-stm32.10.3-2021.10.win32_1.0.100.202210260954/tools/bin/../lib/gcc/arm-none-eabi/10.3.1/thumb/v7-m/nofp/crtbegin.o
                0x0000000008002358                PROVIDE (__init_array_end = .)
                0x0000000008002358                . = ALIGN (0x4)

.fini_array     0x0000000008002358        0x4
                0x0000000008002358                . = ALIGN (0x4)
                [!provide]                        PROVIDE (__fini_array_start = .)
 *(SORT_BY_NAME(.fini_array.*))
 *(.fini_array*)
 .fini_array    0x0000000008002358        0x4 c:/st/stm32cubeide_1.11.0/stm32cubeide/plugins/com.st.stm32cube.ide.mcu.externaltools.gnu-tools-for-stm32.10.3-2021.10.win32_1.0.100.202210260954/tools/bin/../lib/gcc/arm-none-eabi/10.3.1/thumb/v7-m/nofp/crtbegin.o
                [!provide]                        PROVIDE (__fini_array_end = .)
                0x000000000800235c                . = ALIGN (0x4)
                0x000000000800235c                _sidata = LOADADDR (.data)

.data           0x0000000020000000        0x4 load address 0x000000000800235c
                0x0000000020000000                . = ALIGN (0x4)
                0x0000000020000000                _sdata = .
 *(.data)
 *(.data*)
 .data.SystemCoreClock
                0x0000000020000000        0x4 ./Core/Src/system_stm32f1xx.o
                0x0000000020000000                SystemCoreClock
 *(.RamFunc)
 *(.RamFunc*)
                0x0000000020000004                . = ALIGN (0x4)
                0x0000000020000004                _edata = .

.igot.plt       0x0000000020000004        0x0 load address 0x0000000008002360
 .igot.plt      0x0000000020000004        0x0 c:/st/stm32cubeide_1.11.0/stm32cubeide/plugins/com.st.stm32cube.ide.mcu.externaltools.gnu-tools-for-stm32.10.3-2021.10.win32_1.0.100.202210260954/tools/bin/../lib/gcc/arm-none-eabi/10.3.1/thumb/v7-m/nofp/crtbegin.o
                0x0000000020000004                . = ALIGN (0x4)

.bss            0x0000000020000004      0x21c load address 0x0000000008002360
                0x0000000020000004                _sbss = .
                0x0000000020000004                __bss_start__ = _sbss
 *(.bss)
 .bss           0x0000000020000004       0x1c c:/st/stm32cubeide_1.11.0/stm32cubeide/plugins/com.st.stm32cube.ide.mcu.externaltools.gnu-tools-for-stm32.10.3-2021.10.win32_1.0.100.202210260954/tools/bin/../lib/gcc/arm-none-eabi/10.3.1/thumb/v7-m/nofp/crtbegin.o
 *(.bss*)
 .bss.adcBuf    0x0000000020000020      0x200 ./Core/Src/main.o
                0x0000000020000020                adcBuf
 *(COMMON)
                0x0000000020000220                . = ALIGN (0x4)
                0x0000000020000220                _ebss = .
                0x0000000020000220                __bss_end__ = _ebss

._user_heap_stack
                0x0000000020000220      0x600 load address 0x0000000008002360
                0x0000000020000220                . = ALIGN (0x8)
                [!provide]                        PROVIDE (end = .)
                0x0000000020000220                PROVIDE (_end = .)
                0x0000000020000420                . = (. + _Min_Heap_Size)
 *fill*         0x0000000020000220      0x200 
                0x0000000020000820                . = (. + _Min_Stack_Size)
 *fill*         0x0000000020000420      0x400 
                0x0000000020000820                . = ALIGN (0x8)

/DISCARD/
 libc.a(*)
 libm.a(*)
 libgcc.a(*)

.ARM.attributes
                0x0000000000000000       0x29
 *(.ARM.attributes)
 .ARM.attributes
                0x0000000000000000       0x1d c:/st/stm32cubeide_1.11.0/stm32cubeide/plugins/com.st.stm32cube.ide.mcu.externaltools.gnu-tools-for-stm32.10.3-2021.10.win32_1.0.100.202210260954/tools/bin/../lib/gcc/arm-none-eabi/10.3.1/thumb/v7-m/nofp/crti.o
 .ARM.attributes
                0x000000000000001d       0x2d c:/st/stm32cubeide_1.11.0/stm32cubeide/plugins/com.st.stm32cube.ide.mcu.externaltools.gnu-tools-for-stm32.10.3-2021.10.win32_1.0.100.202210260954/tools/bin/../lib/gcc/arm-none-eabi/10.3.1/thumb/v7-m/nofp/crtbegin.o
 .ARM.attributes
                0x000000000000004a       0x2d ./Core/Src/main.o
 .ARM.attributes
                0x0000000000000077       0x2d ./Core/Src/stm32f1xx_it.o
 .ARM.attributes
                0x00000000000000a4       0x2d ./Core/Src/system_stm32f1xx.o
 .ARM.attributes
                0x00000000000000d1       0x21 ./Core/Startup/startup_stm32f103rbtx.o
 .ARM.attributes
                0x00000000000000f2       0x2d ./Drivers/STM32F1xx_HAL_Driver/Src/stm32f1xx_ll_adc.o
 .ARM.attributes
                0x000000000000011f       0x2d ./Drivers/STM32F1xx_HAL_Driver/Src/stm32f1xx_ll_exti.o
 .ARM.attributes
                0x000000000000014c       0x2d ./Drivers/STM32F1xx_HAL_Driver/Src/stm32f1xx_ll_gpio.o
 .ARM.attributes
                0x0000000000000179       0x2d ./Drivers/STM32F1xx_HAL_Driver/Src/stm32f1xx_ll_rcc.o
 .ARM.attributes
                0x00000000000001a6       0x2d ./Drivers/STM32F1xx_HAL_Driver/Src/stm32f1xx_ll_tim.o
 .ARM.attributes
                0x00000000000001d3       0x2d ./Drivers/STM32F1xx_HAL_Driver/Src/stm32f1xx_ll_usart.o
 .ARM.attributes
                0x0000000000000200       0x2d ./Drivers/STM32F1xx_HAL_Driver/Src/stm32f1xx_ll_utils.o
 .ARM.attributes
                0x000000000000022d       0x2d c:/st/stm32cubeide_1.11.0/stm32cubeide/plugins/com.st.stm32cube.ide.mcu.externaltools.gnu-tools-for-stm32.10.3-2021.10.win32_1.0.100.202210260954/tools/bin/../lib/gcc/arm-none-eabi/10.3.1/../../../../arm-none-eabi/lib/thumb/v7-m/nofp\libc_nano.a(lib_a-init.o)
 .ARM.attributes
                0x000000000000025a       0x2d c:/st/stm32cubeide_1.11.0/stm32cubeide/plugins/com.st.stm32cube.ide.mcu.externaltools.gnu-tools-for-stm32.10.3-2021.10.win32_1.0.100.202210260954/tools/bin/../lib/gcc/arm-none-eabi/10.3.1/../../../../arm-none-eabi/lib/thumb/v7-m/nofp\libc_nano.a(lib_a-memset.o)
 .ARM.attributes
                0x0000000000000287       0x1d c:/st/stm32cubeide_1.11.0/stm32cubeide/plugins/com.st.stm32cube.ide.mcu.externaltools.gnu-tools-for-stm32.10.3-2021.10.win32_1.0.100.202210260954/tools/bin/../lib/gcc/arm-none-eabi/10.3.1/thumb/v7-m/nofp/crtn.o
OUTPUT(POT_TO_LED.elf elf32-littlearm)
LOAD linker stubs
LOAD c:/st/stm32cubeide_1.11.0/stm32cubeide/plugins/com.st.stm32cube.ide.mcu.externaltools.gnu-tools-for-stm32.10.3-2021.10.win32_1.0.100.202210260954/tools/bin/../lib/gcc/arm-none-eabi/10.3.1/../../../../arm-none-eabi/lib/thumb/v7-m/nofp\libc.a
LOAD c:/st/stm32cubeide_1.11.0/stm32cubeide/plugins/com.st.stm32cube.ide.mcu.externaltools.gnu-tools-for-stm32.10.3-2021.10.win32_1.0.100.202210260954/tools/bin/../lib/gcc/arm-none-eabi/10.3.1/../../../../arm-none-eabi/lib/thumb/v7-m/nofp\libm.a
LOAD c:/st/stm32cubeide_1.11.0/stm32cubeide/plugins/com.st.stm32cube.ide.mcu.externaltools.gnu-tools-for-stm32.10.3-2021.10.win32_1.0.100.202210260954/tools/bin/../lib/gcc/arm-none-eabi/10.3.1/thumb/v7-m/nofp\libgcc.a

.debug_info     0x0000000000000000     0x567e
 .debug_info    0x0000000000000000     0x1e37 ./Core/Src/main.o
 .debug_info    0x0000000000001e37      0x2c7 ./Core/Src/stm32f1xx_it.o
 .debug_info    0x00000000000020fe      0x236 ./Core/Src/system_stm32f1xx.o
 .debug_info    0x0000000000002334       0x22 ./Core/Startup/startup_stm32f103rbtx.o
 .debug_info    0x0000000000002356      0x7b6 ./Drivers/STM32F1xx_HAL_Driver/Src/stm32f1xx_ll_adc.o
 .debug_info    0x0000000000002b0c      0x35f ./Drivers/STM32F1xx_HAL_Driver/Src/stm32f1xx_ll_exti.o
 .debug_info    0x0000000000002e6b      0x5f8 ./Drivers/STM32F1xx_HAL_Driver/Src/stm32f1xx_ll_gpio.o
 .debug_info    0x0000000000003463      0x59b ./Drivers/STM32F1xx_HAL_Driver/Src/stm32f1xx_ll_rcc.o
 .debug_info    0x00000000000039fe      0xe5f ./Drivers/STM32F1xx_HAL_Driver/Src/stm32f1xx_ll_tim.o
 .debug_info    0x000000000000485d      0x5fa ./Drivers/STM32F1xx_HAL_Driver/Src/stm32f1xx_ll_usart.o
 .debug_info    0x0000000000004e57      0x827 ./Drivers/STM32F1xx_HAL_Driver/Src/stm32f1xx_ll_utils.o

.debug_abbrev   0x0000000000000000     0x137d
 .debug_abbrev  0x0000000000000000      0x36a ./Core/Src/main.o
 .debug_abbrev  0x000000000000036a      0x14b ./Core/Src/stm32f1xx_it.o
 .debug_abbrev  0x00000000000004b5      0x13b ./Core/Src/system_stm32f1xx.o
 .debug_abbrev  0x00000000000005f0       0x12 ./Core/Startup/startup_stm32f103rbtx.o
 .debug_abbrev  0x0000000000000602      0x195 ./Drivers/STM32F1xx_HAL_Driver/Src/stm32f1xx_ll_adc.o
 .debug_abbrev  0x0000000000000797      0x183 ./Drivers/STM32F1xx_HAL_Driver/Src/stm32f1xx_ll_exti.o
 .debug_abbrev  0x000000000000091a      0x1fa ./Drivers/STM32F1xx_HAL_Driver/Src/stm32f1xx_ll_gpio.o
 .debug_abbrev  0x0000000000000b14      0x268 ./Drivers/STM32F1xx_HAL_Driver/Src/stm32f1xx_ll_rcc.o
 .debug_abbrev  0x0000000000000d7c      0x205 ./Drivers/STM32F1xx_HAL_Driver/Src/stm32f1xx_ll_tim.o
 .debug_abbrev  0x0000000000000f81      0x1b4 ./Drivers/STM32F1xx_HAL_Driver/Src/stm32f1xx_ll_usart.o
 .debug_abbrev  0x0000000000001135      0x248 ./Drivers/STM32F1xx_HAL_Driver/Src/stm32f1xx_ll_utils.o

.debug_aranges  0x0000000000000000      0x7e8
 .debug_aranges
                0x0000000000000000      0x220 ./Core/Src/main.o
 .debug_aranges
                0x0000000000000220       0x80 ./Core/Src/stm32f1xx_it.o
 .debug_aranges
                0x00000000000002a0       0x28 ./Core/Src/system_stm32f1xx.o
 .debug_aranges
                0x00000000000002c8       0x28 ./Core/Startup/startup_stm32f103rbtx.o
 .debug_aranges
                0x00000000000002f0       0xa8 ./Drivers/STM32F1xx_HAL_Driver/Src/stm32f1xx_ll_adc.o
 .debug_aranges
                0x0000000000000398       0x70 ./Drivers/STM32F1xx_HAL_Driver/Src/stm32f1xx_ll_exti.o
 .debug_aranges
                0x0000000000000408       0x60 ./Drivers/STM32F1xx_HAL_Driver/Src/stm32f1xx_ll_gpio.o
 .debug_aranges
                0x0000000000000468       0xd8 ./Drivers/STM32F1xx_HAL_Driver/Src/stm32f1xx_ll_rcc.o
 .debug_aranges
                0x0000000000000540      0x128 ./Drivers/STM32F1xx_HAL_Driver/Src/stm32f1xx_ll_tim.o
 .debug_aranges
                0x0000000000000668       0x88 ./Drivers/STM32F1xx_HAL_Driver/Src/stm32f1xx_ll_usart.o
 .debug_aranges
                0x00000000000006f0       0xf8 ./Drivers/STM32F1xx_HAL_Driver/Src/stm32f1xx_ll_utils.o

.debug_ranges   0x0000000000000000      0x740
 .debug_ranges  0x0000000000000000      0x210 ./Core/Src/main.o
 .debug_ranges  0x0000000000000210       0x70 ./Core/Src/stm32f1xx_it.o
 .debug_ranges  0x0000000000000280       0x18 ./Core/Src/system_stm32f1xx.o
 .debug_ranges  0x0000000000000298       0x20 ./Core/Startup/startup_stm32f103rbtx.o
 .debug_ranges  0x00000000000002b8       0x98 ./Drivers/STM32F1xx_HAL_Driver/Src/stm32f1xx_ll_adc.o
 .debug_ranges  0x0000000000000350       0x60 ./Drivers/STM32F1xx_HAL_Driver/Src/stm32f1xx_ll_exti.o
 .debug_ranges  0x00000000000003b0       0x50 ./Drivers/STM32F1xx_HAL_Driver/Src/stm32f1xx_ll_gpio.o
 .debug_ranges  0x0000000000000400       0xc8 ./Drivers/STM32F1xx_HAL_Driver/Src/stm32f1xx_ll_rcc.o
 .debug_ranges  0x00000000000004c8      0x118 ./Drivers/STM32F1xx_HAL_Driver/Src/stm32f1xx_ll_tim.o
 .debug_ranges  0x00000000000005e0       0x78 ./Drivers/STM32F1xx_HAL_Driver/Src/stm32f1xx_ll_usart.o
 .debug_ranges  0x0000000000000658       0xe8 ./Drivers/STM32F1xx_HAL_Driver/Src/stm32f1xx_ll_utils.o

.debug_macro    0x0000000000000000    0x130bb
 .debug_macro   0x0000000000000000      0x143 ./Core/Src/main.o
 .debug_macro   0x0000000000000143      0xa9c ./Core/Src/main.o
 .debug_macro   0x0000000000000bdf       0x2e ./Core/Src/main.o
 .debug_macro   0x0000000000000c0d       0x22 ./Core/Src/main.o
 .debug_macro   0x0000000000000c2f       0x22 ./Core/Src/main.o
 .debug_macro   0x0000000000000c51       0x8e ./Core/Src/main.o
 .debug_macro   0x0000000000000cdf       0x51 ./Core/Src/main.o
 .debug_macro   0x0000000000000d30      0x103 ./Core/Src/main.o
 .debug_macro   0x0000000000000e33       0x6a ./Core/Src/main.o
 .debug_macro   0x0000000000000e9d      0x1df ./Core/Src/main.o
 .debug_macro   0x000000000000107c       0x1c ./Core/Src/main.o
 .debug_macro   0x0000000000001098       0x22 ./Core/Src/main.o
 .debug_macro   0x00000000000010ba       0xbd ./Core/Src/main.o
 .debug_macro   0x0000000000001177      0xd23 ./Core/Src/main.o
 .debug_macro   0x0000000000001e9a     0xe09e ./Core/Src/main.o
 .debug_macro   0x000000000000ff38       0x6d ./Core/Src/main.o
 .debug_macro   0x000000000000ffa5      0x89b ./Core/Src/main.o
 .debug_macro   0x0000000000010840      0x287 ./Core/Src/main.o
 .debug_macro   0x0000000000010ac7      0x2be ./Core/Src/main.o
 .debug_macro   0x0000000000010d85       0xd7 ./Core/Src/main.o
 .debug_macro   0x0000000000010e5c       0x74 ./Core/Src/main.o
 .debug_macro   0x0000000000010ed0       0xd0 ./Core/Src/main.o
 .debug_macro   0x0000000000010fa0       0x28 ./Core/Src/main.o
 .debug_macro   0x0000000000010fc8       0x2a ./Core/Src/main.o
 .debug_macro   0x0000000000010ff2       0x90 ./Core/Src/main.o
 .debug_macro   0x0000000000011082      0x57a ./Core/Src/main.o
 .debug_macro   0x00000000000115fc      0x1b4 ./Core/Src/main.o
 .debug_macro   0x00000000000117b0      0x22a ./Core/Src/main.o
 .debug_macro   0x00000000000119da       0x7c ./Core/Src/main.o
 .debug_macro   0x0000000000011a56      0x147 ./Core/Src/stm32f1xx_it.o
 .debug_macro   0x0000000000011b9d       0xbc ./Core/Src/system_stm32f1xx.o
 .debug_macro   0x0000000000011c59      0x136 ./Drivers/STM32F1xx_HAL_Driver/Src/stm32f1xx_ll_adc.o
 .debug_macro   0x0000000000011d8f       0xe3 ./Drivers/STM32F1xx_HAL_Driver/Src/stm32f1xx_ll_exti.o
 .debug_macro   0x0000000000011e72       0xca ./Drivers/STM32F1xx_HAL_Driver/Src/stm32f1xx_ll_exti.o
 .debug_macro   0x0000000000011f3c       0xf8 ./Drivers/STM32F1xx_HAL_Driver/Src/stm32f1xx_ll_gpio.o
 .debug_macro   0x0000000000012034      0x224 ./Drivers/STM32F1xx_HAL_Driver/Src/stm32f1xx_ll_gpio.o
 .debug_macro   0x0000000000012258       0xdd ./Drivers/STM32F1xx_HAL_Driver/Src/stm32f1xx_ll_rcc.o
 .debug_macro   0x0000000000012335      0x2b8 ./Drivers/STM32F1xx_HAL_Driver/Src/stm32f1xx_ll_rcc.o
 .debug_macro   0x00000000000125ed      0x147 ./Drivers/STM32F1xx_HAL_Driver/Src/stm32f1xx_ll_tim.o
 .debug_macro   0x0000000000012734      0x574 ./Drivers/STM32F1xx_HAL_Driver/Src/stm32f1xx_ll_tim.o
 .debug_macro   0x0000000000012ca8      0x12b ./Drivers/STM32F1xx_HAL_Driver/Src/stm32f1xx_ll_usart.o
 .debug_macro   0x0000000000012dd3      0x1ae ./Drivers/STM32F1xx_HAL_Driver/Src/stm32f1xx_ll_usart.o
 .debug_macro   0x0000000000012f81      0x13a ./Drivers/STM32F1xx_HAL_Driver/Src/stm32f1xx_ll_utils.o

.debug_line     0x0000000000000000     0x5201
 .debug_line    0x0000000000000000      0xffe ./Core/Src/main.o
 .debug_line    0x0000000000000ffe      0x6da ./Core/Src/stm32f1xx_it.o
 .debug_line    0x00000000000016d8      0x4dd ./Core/Src/system_stm32f1xx.o
 .debug_line    0x0000000000001bb5       0x87 ./Core/Startup/startup_stm32f103rbtx.o
 .debug_line    0x0000000000001c3c      0x716 ./Drivers/STM32F1xx_HAL_Driver/Src/stm32f1xx_ll_adc.o
 .debug_line    0x0000000000002352      0x5f8 ./Drivers/STM32F1xx_HAL_Driver/Src/stm32f1xx_ll_exti.o
 .debug_line    0x000000000000294a      0x6e5 ./Drivers/STM32F1xx_HAL_Driver/Src/stm32f1xx_ll_gpio.o
 .debug_line    0x000000000000302f      0x7f7 ./Drivers/STM32F1xx_HAL_Driver/Src/stm32f1xx_ll_rcc.o
 .debug_line    0x0000000000003826      0xa3a ./Drivers/STM32F1xx_HAL_Driver/Src/stm32f1xx_ll_tim.o
 .debug_line    0x0000000000004260      0x6a8 ./Drivers/STM32F1xx_HAL_Driver/Src/stm32f1xx_ll_usart.o
 .debug_line    0x0000000000004908      0x8f9 ./Drivers/STM32F1xx_HAL_Driver/Src/stm32f1xx_ll_utils.o

.debug_str      0x0000000000000000    0x675b7
 .debug_str     0x0000000000000000    0x62fc5 ./Core/Src/main.o
                                      0x633a7 (size before relaxing)
 .debug_str     0x0000000000062fc5      0x148 ./Core/Src/stm32f1xx_it.o
                                      0x6246c (size before relaxing)
 .debug_str     0x000000000006310d       0x6e ./Core/Src/system_stm32f1xx.o
                                      0x54625 (size before relaxing)
 .debug_str     0x000000000006317b       0x36 ./Core/Startup/startup_stm32f103rbtx.o
                                         0x5b (size before relaxing)
 .debug_str     0x00000000000631b1     0x15e5 ./Drivers/STM32F1xx_HAL_Driver/Src/stm32f1xx_ll_adc.o
                                      0x5be33 (size before relaxing)
 .debug_str     0x0000000000064796      0x2ed ./Drivers/STM32F1xx_HAL_Driver/Src/stm32f1xx_ll_exti.o
                                      0x54d4a (size before relaxing)
 .debug_str     0x0000000000064a83      0x388 ./Drivers/STM32F1xx_HAL_Driver/Src/stm32f1xx_ll_gpio.o
                                      0x55f68 (size before relaxing)
 .debug_str     0x0000000000064e0b      0x358 ./Drivers/STM32F1xx_HAL_Driver/Src/stm32f1xx_ll_rcc.o
                                      0x55aef (size before relaxing)
 .debug_str     0x0000000000065163     0x1213 ./Drivers/STM32F1xx_HAL_Driver/Src/stm32f1xx_ll_tim.o
                                      0x58cad (size before relaxing)
 .debug_str     0x0000000000066376      0x7cf ./Drivers/STM32F1xx_HAL_Driver/Src/stm32f1xx_ll_usart.o
                                      0x57370 (size before relaxing)
 .debug_str     0x0000000000066b45      0xa72 ./Drivers/STM32F1xx_HAL_Driver/Src/stm32f1xx_ll_utils.o
                                      0x567e4 (size before relaxing)

.comment        0x0000000000000000       0x50
 .comment       0x0000000000000000       0x50 ./Core/Src/main.o
                                         0x51 (size before relaxing)
 .comment       0x0000000000000050       0x51 ./Core/Src/stm32f1xx_it.o
 .comment       0x0000000000000050       0x51 ./Core/Src/system_stm32f1xx.o
 .comment       0x0000000000000050       0x51 ./Drivers/STM32F1xx_HAL_Driver/Src/stm32f1xx_ll_adc.o
 .comment       0x0000000000000050       0x51 ./Drivers/STM32F1xx_HAL_Driver/Src/stm32f1xx_ll_exti.o
 .comment       0x0000000000000050       0x51 ./Drivers/STM32F1xx_HAL_Driver/Src/stm32f1xx_ll_gpio.o
 .comment       0x0000000000000050       0x51 ./Drivers/STM32F1xx_HAL_Driver/Src/stm32f1xx_ll_rcc.o
 .comment       0x0000000000000050       0x51 ./Drivers/STM32F1xx_HAL_Driver/Src/stm32f1xx_ll_tim.o
 .comment       0x0000000000000050       0x51 ./Drivers/STM32F1xx_HAL_Driver/Src/stm32f1xx_ll_usart.o
 .comment       0x0000000000000050       0x51 ./Drivers/STM32F1xx_HAL_Driver/Src/stm32f1xx_ll_utils.o

.debug_frame    0x0000000000000000     0x207c
 .debug_frame   0x0000000000000000      0x994 ./Core/Src/main.o
 .debug_frame   0x0000000000000994      0x194 ./Core/Src/stm32f1xx_it.o
 .debug_frame   0x0000000000000b28       0x58 ./Core/Src/system_stm32f1xx.o
 .debug_frame   0x0000000000000b80      0x2cc ./Drivers/STM32F1xx_HAL_Driver/Src/stm32f1xx_ll_adc.o
 .debug_frame   0x0000000000000e4c      0x1bc ./Drivers/STM32F1xx_HAL_Driver/Src/stm32f1xx_ll_exti.o
 .debug_frame   0x0000000000001008      0x170 ./Drivers/STM32F1xx_HAL_Driver/Src/stm32f1xx_ll_gpio.o
 .debug_frame   0x0000000000001178      0x34c ./Drivers/STM32F1xx_HAL_Driver/Src/stm32f1xx_ll_rcc.o
 .debug_frame   0x00000000000014c4      0x538 ./Drivers/STM32F1xx_HAL_Driver/Src/stm32f1xx_ll_tim.o
 .debug_frame   0x00000000000019fc      0x234 ./Drivers/STM32F1xx_HAL_Driver/Src/stm32f1xx_ll_usart.o
 .debug_frame   0x0000000000001c30      0x400 ./Drivers/STM32F1xx_HAL_Driver/Src/stm32f1xx_ll_utils.o
 .debug_frame   0x0000000000002030       0x2c c:/st/stm32cubeide_1.11.0/stm32cubeide/plugins/com.st.stm32cube.ide.mcu.externaltools.gnu-tools-for-stm32.10.3-2021.10.win32_1.0.100.202210260954/tools/bin/../lib/gcc/arm-none-eabi/10.3.1/../../../../arm-none-eabi/lib/thumb/v7-m/nofp\libc_nano.a(lib_a-init.o)
 .debug_frame   0x000000000000205c       0x20 c:/st/stm32cubeide_1.11.0/stm32cubeide/plugins/com.st.stm32cube.ide.mcu.externaltools.gnu-tools-for-stm32.10.3-2021.10.win32_1.0.100.202210260954/tools/bin/../lib/gcc/arm-none-eabi/10.3.1/../../../../arm-none-eabi/lib/thumb/v7-m/nofp\libc_nano.a(lib_a-memset.o)
