../Drivers/CMSIS/Include/core_cm3.h:1480:22:__NVIC_SetPriorityGrouping	24	static
../Drivers/CMSIS/Include/core_cm3.h:1499:26:__NVIC_GetPriorityGrouping	4	static
../Drivers/CMSIS/Include/core_cm3.h:1511:22:__NVIC_EnableIRQ	16	static
../Drivers/CMSIS/Include/core_cm3.h:1639:22:__NVIC_SetPriority	16	static
../Drivers/CMSIS/Include/core_cm3.h:1686:26:NVIC_EncodePriority	40	static
../Drivers/STM32F1xx_HAL_Driver/Inc/stm32f1xx_ll_adc.h:1601:26:LL_ADC_DMA_GetRegAddr	24	static
../Drivers/STM32F1xx_HAL_Driver/Inc/stm32f1xx_ll_adc.h:2131:22:LL_ADC_REG_SetSequencerRanks	40	static,ignoring_inline_asm
../Drivers/STM32F1xx_HAL_Driver/Inc/stm32f1xx_ll_adc.h:2837:22:LL_ADC_SetChannelSamplingTime	56	static,ignoring_inline_asm
../Drivers/STM32F1xx_HAL_Driver/Inc/stm32f1xx_ll_adc.h:3245:22:LL_ADC_Enable	16	static
../Drivers/STM32F1xx_HAL_Driver/Inc/stm32f1xx_ll_adc.h:3267:26:LL_ADC_IsEnabled	16	static
../Drivers/STM32F1xx_HAL_Driver/Inc/stm32f1xx_ll_adc.h:3327:22:LL_ADC_REG_StartConversionSWStart	16	static
../Drivers/STM32F1xx_HAL_Driver/Inc/stm32f1xx_ll_dma.h:454:22:LL_DMA_EnableChannel	16	static
../Drivers/STM32F1xx_HAL_Driver/Inc/stm32f1xx_ll_dma.h:473:22:LL_DMA_DisableChannel	16	static
../Drivers/STM32F1xx_HAL_Driver/Inc/stm32f1xx_ll_dma.h:553:22:LL_DMA_SetDataTransferDirection	24	static
../Drivers/STM32F1xx_HAL_Driver/Inc/stm32f1xx_ll_dma.h:602:22:LL_DMA_SetMode	24	static
../Drivers/STM32F1xx_HAL_Driver/Inc/stm32f1xx_ll_dma.h:647:22:LL_DMA_SetPeriphIncMode	24	static
../Drivers/STM32F1xx_HAL_Driver/Inc/stm32f1xx_ll_dma.h:692:22:LL_DMA_SetMemoryIncMode	24	static
../Drivers/STM32F1xx_HAL_Driver/Inc/stm32f1xx_ll_dma.h:738:22:LL_DMA_SetPeriphSize	24	static
../Drivers/STM32F1xx_HAL_Driver/Inc/stm32f1xx_ll_dma.h:785:22:LL_DMA_SetMemorySize	24	static
../Drivers/STM32F1xx_HAL_Driver/Inc/stm32f1xx_ll_dma.h:833:22:LL_DMA_SetChannelPriorityLevel	24	static
../Drivers/STM32F1xx_HAL_Driver/Inc/stm32f1xx_ll_dma.h:880:22:LL_DMA_SetDataLength	24	static
../Drivers/STM32F1xx_HAL_Driver/Inc/stm32f1xx_ll_dma.h:931:22:LL_DMA_ConfigAddresses	24	static
../Drivers/STM32F1xx_HAL_Driver/Inc/stm32f1xx_ll_rcc.h:754:22:LL_RCC_HSE_EnableBypass	4	static
../Drivers/STM32F1xx_HAL_Driver/Inc/stm32f1xx_ll_rcc.h:774:22:LL_RCC_HSE_Enable	4	static
../Drivers/STM32F1xx_HAL_Driver/Inc/stm32f1xx_ll_rcc.h:794:26:LL_RCC_HSE_IsReady	4	static
../Drivers/STM32F1xx_HAL_Driver/Inc/stm32f1xx_ll_rcc.h:1014:22:LL_RCC_SetSysClkSource	16	static
../Drivers/STM32F1xx_HAL_Driver/Inc/stm32f1xx_ll_rcc.h:1027:26:LL_RCC_GetSysClkSource	4	static
../Drivers/STM32F1xx_HAL_Driver/Inc/stm32f1xx_ll_rcc.h:1047:22:LL_RCC_SetAHBPrescaler	16	static
../Drivers/STM32F1xx_HAL_Driver/Inc/stm32f1xx_ll_rcc.h:1063:22:LL_RCC_SetAPB1Prescaler	16	static
../Drivers/STM32F1xx_HAL_Driver/Inc/stm32f1xx_ll_rcc.h:1079:22:LL_RCC_SetAPB2Prescaler	16	static
../Drivers/STM32F1xx_HAL_Driver/Inc/stm32f1xx_ll_rcc.h:1223:22:LL_RCC_SetADCClockSource	16	static
../Drivers/STM32F1xx_HAL_Driver/Inc/stm32f1xx_ll_rcc.h:1387:22:LL_RCC_PLL_Enable	4	static
../Drivers/STM32F1xx_HAL_Driver/Inc/stm32f1xx_ll_rcc.h:1408:26:LL_RCC_PLL_IsReady	4	static
../Drivers/STM32F1xx_HAL_Driver/Inc/stm32f1xx_ll_rcc.h:1477:22:LL_RCC_PLL_ConfigDomain_SYS	16	static
../Drivers/STM32F1xx_HAL_Driver/Inc/stm32f1xx_ll_bus.h:269:22:LL_AHB1_GRP1_EnableClock	24	static
../Drivers/STM32F1xx_HAL_Driver/Inc/stm32f1xx_ll_bus.h:447:22:LL_APB1_GRP1_EnableClock	24	static
../Drivers/STM32F1xx_HAL_Driver/Inc/stm32f1xx_ll_bus.h:763:22:LL_APB2_GRP1_EnableClock	24	static
../Drivers/STM32F1xx_HAL_Driver/Inc/stm32f1xx_ll_system.h:470:22:LL_FLASH_SetLatency	16	static
../Drivers/STM32F1xx_HAL_Driver/Inc/stm32f1xx_ll_system.h:483:26:LL_FLASH_GetLatency	4	static
../Drivers/STM32F1xx_HAL_Driver/Inc/stm32f1xx_ll_tim.h:1063:22:LL_TIM_EnableCounter	16	static
../Drivers/STM32F1xx_HAL_Driver/Inc/stm32f1xx_ll_tim.h:1254:22:LL_TIM_DisableARRPreload	16	static
../Drivers/STM32F1xx_HAL_Driver/Inc/stm32f1xx_ll_tim.h:1540:22:LL_TIM_CC_EnableChannel	16	static
../Drivers/STM32F1xx_HAL_Driver/Inc/stm32f1xx_ll_tim.h:1853:22:LL_TIM_OC_DisableFast	24	static
../Drivers/STM32F1xx_HAL_Driver/Inc/stm32f1xx_ll_tim.h:1897:22:LL_TIM_OC_EnablePreload	24	static
../Drivers/STM32F1xx_HAL_Driver/Inc/stm32f1xx_ll_tim.h:2045:22:LL_TIM_OC_SetCompareCH1	16	static
../Drivers/STM32F1xx_HAL_Driver/Inc/stm32f1xx_ll_tim.h:2581:22:LL_TIM_SetClockSource	16	static
../Drivers/STM32F1xx_HAL_Driver/Inc/stm32f1xx_ll_tim.h:2627:22:LL_TIM_SetTriggerOutput	16	static
../Drivers/STM32F1xx_HAL_Driver/Inc/stm32f1xx_ll_tim.h:2693:22:LL_TIM_DisableMasterSlaveMode	16	static
../Drivers/STM32F1xx_HAL_Driver/Inc/stm32f1xx_ll_usart.h:411:22:LL_USART_Enable	16	static
../Drivers/STM32F1xx_HAL_Driver/Inc/stm32f1xx_ll_usart.h:1526:22:LL_USART_ConfigAsyncMode	16	static
../Drivers/STM32F1xx_HAL_Driver/Inc/stm32f1xx_ll_gpio.h:342:22:LL_GPIO_SetPinMode	40	static,ignoring_inline_asm
../Drivers/STM32F1xx_HAL_Driver/Inc/stm32f1xx_ll_gpio.h:833:22:LL_GPIO_ResetOutputPin	16	static
../Drivers/STM32F1xx_HAL_Driver/Inc/stm32f1xx_ll_gpio.h:1565:22:LL_GPIO_AF_Remap_SWJ_NOJTAG	4	static
../Drivers/STM32F1xx_HAL_Driver/Inc/stm32f1xx_ll_gpio.h:2268:22:LL_GPIO_AF_SetEXTISource	24	static,ignoring_inline_asm
../Core/Src/main.c:72:5:main	16	static
../Core/Src/main.c:148:6:SystemClock_Config	8	static
../Core/Src/main.c:190:13:MX_ADC1_Init	64	static
../Core/Src/main.c:264:13:MX_TIM3_Init	80	static
../Core/Src/main.c:319:13:MX_USART2_UART_Init	56	static
../Core/Src/main.c:370:13:MX_DMA_Init	8	static
../Core/Src/main.c:389:13:MX_GPIO_Init	40	static
../Core/Src/main.c:432:6:Start_ADC_DMA	16	static
../Core/Src/main.c:448:6:Start_ADC	8	static
../Core/Src/main.c:459:6:Start_PWM	8	static
../Core/Src/main.c:473:6:Error_Handler	4	static,ignoring_inline_asm
